// Jest Snapshot v1, https://goo.gl/fbAQLP

exports[`Test of Calculator page test if Calculator page is rendered 1`] = `
Array [
  <h2>
    Let us do some Maths!
  </h2>,
  <div
    className="calculator-cont"
  >
    <div
      className="results"
    >
      <p
        className="result"
      >
        0
      </p>
    </div>
    <div
      className="button"
    >
      <button
        className="btn-opr"
        onClick={[Function]}
        type="button"
      >
        <span>
          AC
        </span>
      </button>
      <button
        className="btn-opr"
        onClick={[Function]}
        type="button"
      >
        <span>
          +/-
        </span>
      </button>
      <button
        className="btn-opr"
        onClick={[Function]}
        type="button"
      >
        <span>
          %
        </span>
      </button>
      <button
        className="btn-opr-right"
        onClick={[Function]}
        type="button"
      >
        <span>
          รท
        </span>
      </button>
    </div>
    <div
      className="button"
    >
      <button
        className="btn-opr"
        onClick={[Function]}
        type="button"
      >
        <span>
          7
        </span>
      </button>
      <button
        className="btn-opr"
        onClick={[Function]}
        type="button"
      >
        <span>
          8
        </span>
      </button>
      <button
        className="btn-opr"
        onClick={[Function]}
        type="button"
      >
        <span>
          9
        </span>
      </button>
      <button
        className="btn-opr-right"
        onClick={[Function]}
        type="button"
      >
        <span>
          x
        </span>
      </button>
    </div>
    <div
      className="button"
    >
      <button
        className="btn-opr"
        onClick={[Function]}
        type="button"
      >
        <span>
          4
        </span>
      </button>
      <button
        className="btn-opr"
        onClick={[Function]}
        type="button"
      >
        <span>
          5
        </span>
      </button>
      <button
        className="btn-opr"
        onClick={[Function]}
        type="button"
      >
        <span>
          6
        </span>
      </button>
      <button
        className="btn-opr-right"
        onClick={[Function]}
        type="button"
      >
        <span>
          -
        </span>
      </button>
    </div>
    <div
      className="button"
    >
      <button
        className="btn-opr"
        onClick={[Function]}
        type="button"
      >
        <span>
          1
        </span>
      </button>
      <button
        className="btn-opr"
        onClick={[Function]}
        type="button"
      >
        <span>
          2
        </span>
      </button>
      <button
        className="btn-opr"
        onClick={[Function]}
        type="button"
      >
        <span>
          3
        </span>
      </button>
      <button
        className="btn-opr-right"
        onClick={[Function]}
        type="button"
      >
        <span>
          +
        </span>
      </button>
    </div>
    <div
      className="button"
    >
      <button
        className="btn-opr-zero"
        onClick={[Function]}
        type="button"
      >
        <span>
          0
        </span>
      </button>
      <button
        className="btn-opr"
        onClick={[Function]}
        type="button"
      >
        <span>
          .
        </span>
      </button>
      <button
        className="btn-opr-right"
        onClick={[Function]}
        type="button"
      >
        <span>
          =
        </span>
      </button>
    </div>
  </div>,
]
`;
