// Jest Snapshot v1, https://goo.gl/fbAQLP

exports[`Test of Home page test if Home page is rendered 1`] = `
Array [
  <h2>
    Welcome to our page!
  </h2>,
  <section
    className="home-sec"
  >
    <p
      className="home-description"
    >
      Lorem ipsum dolor sit amet consectetur, adipisicing elit. Earum ipsum tempore, ea soluta tenetur expedita dignissimos similique deleniti doloribus fugiat! Necessitatibus, sint doloribus deserunt voluptates impedit cumque alias, aperiam illo dolore explicabo iure culpa distinctio inventore perspiciatis sunt ipsam atque.Lorem ipsum dolor sit amet consectetur, adipi sicing elit. Earum ipsum tempore, ea soluta tenetur expedita dignissimos similique deleniti doloribus fugiat! Necessitatibus, sint doloribus deserunt voluptates impedit cumque alias, aperiam illo dolore explicabo iure culpa distinctio inventore perspiciatis sunt ipsam a tque.
    </p>
    <p
      className="home-description"
    >
      Lorem ipsum dolor sit amet consectetur, adipisicing elit. Earum ipsum tempore, ea soluta tenetur expedita dignissimos similique deleniti doloribus fugiat! Necessitatibus, sint doloribus deserunt voluptates impedit cumque alias, aperiam illo dolore explicabo iure culpa distinctio inventore perspiciatis sunt ipsam atque. Lorem ipsum dolor sit amet consectetur, adipisicing elit. Earum ipsum tempore, ea soluta tenetur expedita dignissimos similique deleniti doloribus fugiat! Necessitatibus, sint doloribus deserunt voluptates impedit cumque alias, aperiam illo dolore explicabo iure culpa distinctio inventore perspiciatis sunt ipsam atque.
    </p>
  </section>,
]
`;
