// Jest Snapshot v1, https://goo.gl/fbAQLP

exports[`Testing Quote page test if Quote page is rendered 1`] = `
Array [
  <div>
    <h3>
      Welcome to our page!
    </h3>
  </div>,
  <section
    className="descr"
  >
    <div>
      <p
        className="quote"
      >
        Mathmatics is not about numbers,eauations, computations, or algorithms: it is about understanding.
        <span
          className="quspan"
        >
          -William Paul Thurston
        </span>
      </p>
    </div>
  </section>,
]
`;
